[2025-09-26 03:40:01] INFO [goods:32] Get all products.
[2025-09-26 03:40:01] DEBUG [goods:33] Building filters.
[2025-09-26 03:40:15] INFO [goods:32] Get all products.
[2025-09-26 03:40:15] DEBUG [goods:33] Building filters.
[2025-09-26 03:41:16] INFO [goods:30] Get all products.
[2025-09-26 03:41:16] DEBUG [goods:31] Building filters.
[2025-09-26 03:41:16] DEBUG [goods:33] Annotation and filtering of products.
[2025-09-26 03:41:16] DEBUG [goods:37] Sorting.
[2025-09-26 03:41:16] DEBUG [goods:41] Pagination.
[2025-09-26 03:41:16] DEBUG [goods:51] Serialization.
[2025-09-26 03:41:16] INFO [goods:53] Received all products.
[2025-09-26 14:27:06] INFO [goods:31] Get all products.
[2025-09-26 14:27:06] INFO [goods:55] Filtration and sorting of products.
[2025-09-26 14:27:06] ERROR [goods:99] 'int' object has no attribute 'isdigit': Internal server error.
[2025-09-26 14:27:40] INFO [goods:31] Get all products.
[2025-09-26 14:27:40] INFO [goods:55] Filtration and sorting of products.
[2025-09-26 14:29:40] INFO [goods:31] Get all products.
[2025-09-26 14:29:40] INFO [goods:55] Filtration and sorting of products.
[2025-09-26 14:29:40] INFO [goods:67] Product pagination.
[2025-09-26 14:29:40] INFO [goods:89] Construction of the answer.
[2025-09-26 14:31:54] INFO [goods:31] Get all products.
[2025-09-26 14:31:54] INFO [goods:55] Filtration and sorting of products.
[2025-09-26 14:31:54] INFO [goods:71] Product pagination.
[2025-09-26 14:31:54] INFO [goods:93] Construction of the answer.
[2025-09-26 14:31:55] INFO [goods:31] Get all products.
[2025-09-26 14:31:55] INFO [goods:55] Filtration and sorting of products.
[2025-09-26 14:31:55] INFO [goods:71] Product pagination.
[2025-09-26 14:31:55] INFO [goods:93] Construction of the answer.
[2025-09-26 14:35:27] INFO [goods:35] Get all products.
[2025-09-26 14:35:27] INFO [goods:59] Filtration and sorting of products.
[2025-09-26 14:35:27] INFO [goods:75] Product pagination.
[2025-09-26 14:35:27] ERROR [goods:106] MultiValueDict.get() takes from 2 to 3 positional arguments but 4 were given: Internal server error.
[2025-09-26 14:36:30] INFO [goods:34] Get all products.
[2025-09-26 14:36:30] INFO [goods:58] Filtration and sorting of products.
[2025-09-26 14:36:30] INFO [goods:74] Product pagination.
[2025-09-26 14:36:30] INFO [goods:96] Construction of the answer.
[2025-09-26 14:36:32] INFO [goods:34] Get all products.
[2025-09-26 14:36:32] INFO [goods:58] Filtration and sorting of products.
[2025-09-26 14:36:32] INFO [goods:74] Product pagination.
[2025-09-26 14:36:32] INFO [goods:96] Construction of the answer.
[2025-09-26 14:41:23] INFO [goods:123] Get product with id: 2
[2025-09-26 14:41:23] INFO [goods:148] Construction of the answer.
[2025-09-26 14:43:44] INFO [goods:34] goods Get all products.
[2025-09-26 14:43:44] INFO [goods:58] goods Filtration and sorting of products.
[2025-09-26 14:43:44] INFO [goods:74] goods Product pagination.
[2025-09-26 14:43:44] INFO [goods:96] goods Construction of the answer.
[2025-09-26 14:45:24] INFO [goods:34] goods Get all products.
[2025-09-26 14:45:24] INFO [goods:58] goods Filtration and sorting of products.
[2025-09-26 14:45:24] INFO [goods:74] goods Product pagination.
[2025-09-26 14:45:24] INFO [goods:96] goods Construction of the answer.
[2025-09-26 14:45:44] INFO [goods:34] get Get all products.
[2025-09-26 14:45:44] INFO [goods:58] _get_filtered_products Filtration and sorting of products.
[2025-09-26 14:45:44] INFO [goods:74] _paginate_products Product pagination.
[2025-09-26 14:45:44] INFO [goods:96] _build_response Construction of the answer.
[2025-09-26 14:48:07] INFO [goods:123] goods Get product with id: 7
[2025-09-26 14:48:07] ERROR [goods:153] goods name 'produc' is not defined: Internal server error.
[2025-09-26 14:49:42] INFO [goods:123] goods Get product with id: 7
[2025-09-26 14:49:42] ERROR [goods:151] goods name 'produc' is not defined
[2025-09-26 14:50:00] INFO [goods:123] goods Get product with id: 7
[2025-09-26 14:50:00] INFO [goods:146] goods Construction of the answer.
[2025-09-26 14:50:31] INFO [goods:123] goods Get product with id: 7
[2025-09-26 14:50:31] ERROR [goods:151] goods name 'produc' is not defined
[2025-09-26 16:28:14] INFO [goods:217] goods Get 
[2025-09-26 16:28:14] INFO [goods:176] goods Get popular products.
[2025-09-26 16:28:14] INFO [goods:195] goods Construction of the answer.
[2025-09-26 16:28:15] INFO [goods:217] goods Get 
[2025-09-26 16:31:43] INFO [goods:217] goods Get limited products.
[2025-09-26 16:31:43] INFO [goods:241] goods Construction of the answer.
[2025-09-26 16:31:43] INFO [goods:176] goods Get popular products.
[2025-09-26 16:31:43] INFO [goods:195] goods Construction of the answer.
[2025-09-26 16:31:43] INFO [goods:217] goods Get limited products.
[2025-09-26 16:31:43] INFO [goods:241] goods Construction of the answer.
[2025-09-26 16:33:32] INFO [goods:217] goods Get limited products.
[2025-09-26 16:33:32] INFO [goods:237] goods Construction of the answer.
[2025-09-26 16:33:32] INFO [goods:176] goods Get popular products.
[2025-09-26 16:33:32] INFO [goods:195] goods Construction of the answer.
[2025-09-26 16:33:32] INFO [goods:217] goods Get limited products.
[2025-09-26 16:33:32] INFO [goods:237] goods Construction of the answer.
[2025-10-02 20:01:20] INFO [goods:337] goods Get limited products.
[2025-10-02 20:01:20] INFO [goods:360] goods Construction of the answer.
[2025-10-02 20:01:20] INFO [goods:273] goods Get popular products.
[2025-10-02 20:01:20] INFO [goods:298] goods Construction of the answer.
[2025-10-02 20:01:20] INFO [goods:337] goods Get limited products.
[2025-10-02 20:01:20] INFO [goods:360] goods Construction of the answer.
[2025-10-02 20:01:31] INFO [goods:192] goods Get product with id: 1
[2025-10-02 20:01:31] INFO [goods:228] goods Construction of the answer.
[2025-10-02 20:04:58] INFO [goods:340] goods Get limited products.
[2025-10-02 20:04:58] INFO [goods:363] goods Construction of the answer.
[2025-10-02 20:04:58] INFO [goods:276] goods Get popular products.
[2025-10-02 20:04:58] INFO [goods:301] goods Construction of the answer.
[2025-10-02 20:04:58] INFO [goods:340] goods Get limited products.
[2025-10-02 20:04:58] INFO [goods:363] goods Construction of the answer.
[2025-10-02 20:05:00] INFO [goods:192] goods Get product with id: 6
[2025-10-02 20:05:00] INFO [goods:228] goods Construction of the answer.
[2025-10-02 20:05:06] INFO [goods:340] goods Get limited products.
[2025-10-02 20:05:06] INFO [goods:363] goods Construction of the answer.
[2025-10-02 20:05:06] INFO [goods:276] goods Get popular products.
[2025-10-02 20:05:06] INFO [goods:301] goods Construction of the answer.
[2025-10-02 20:05:06] INFO [goods:340] goods Get limited products.
[2025-10-02 20:05:06] INFO [goods:363] goods Construction of the answer.
[2025-10-02 20:05:07] INFO [goods:192] goods Get product with id: 2
[2025-10-02 20:05:07] INFO [goods:228] goods Construction of the answer.
[2025-10-02 20:05:11] INFO [goods:192] goods Get product with id: 2
[2025-10-02 20:05:11] INFO [goods:228] goods Construction of the answer.
[2025-10-02 20:06:17] INFO [goods:192] goods Get product with id: 2
[2025-10-02 20:06:17] INFO [goods:228] goods Construction of the answer.
[2025-10-02 20:45:34] INFO [goods:340] goods Get limited products.
[2025-10-02 20:45:34] INFO [goods:363] goods Construction of the answer.
[2025-10-02 20:45:34] INFO [goods:276] goods Get popular products.
[2025-10-02 20:45:34] INFO [goods:301] goods Construction of the answer.
[2025-10-02 20:45:34] INFO [goods:340] goods Get limited products.
[2025-10-02 20:45:34] INFO [goods:363] goods Construction of the answer.
[2025-10-02 20:45:35] INFO [goods:192] goods Get product with id: 1
[2025-10-02 20:45:35] INFO [goods:228] goods Construction of the answer.
[2025-10-02 20:55:47] INFO [goods:340] goods Get limited products.
[2025-10-02 20:55:47] INFO [goods:363] goods Construction of the answer.
[2025-10-02 20:55:47] INFO [goods:276] goods Get popular products.
[2025-10-02 20:55:47] INFO [goods:301] goods Construction of the answer.
[2025-10-02 20:55:47] INFO [goods:340] goods Get limited products.
[2025-10-02 20:55:47] INFO [goods:363] goods Construction of the answer.
[2025-10-02 20:55:49] INFO [goods:192] goods Get product with id: 10
[2025-10-02 20:55:49] INFO [goods:228] goods Construction of the answer.
[2025-10-02 22:59:16] INFO [goods:340] goods Get limited products.
[2025-10-02 22:59:16] INFO [goods:363] goods Construction of the answer.
[2025-10-02 22:59:16] INFO [goods:276] goods Get popular products.
[2025-10-02 22:59:16] INFO [goods:301] goods Construction of the answer.
[2025-10-02 22:59:16] INFO [goods:340] goods Get limited products.
[2025-10-02 22:59:16] INFO [goods:363] goods Construction of the answer.
[2025-10-02 22:59:20] INFO [goods:192] goods Get product with id: 6
[2025-10-02 22:59:20] INFO [goods:228] goods Construction of the answer.
[2025-10-02 23:04:42] INFO [goods:340] goods Get limited products.
[2025-10-02 23:04:42] INFO [goods:363] goods Construction of the answer.
[2025-10-02 23:04:42] INFO [goods:276] goods Get popular products.
[2025-10-02 23:04:42] INFO [goods:301] goods Construction of the answer.
[2025-10-02 23:04:42] INFO [goods:340] goods Get limited products.
[2025-10-02 23:04:42] INFO [goods:363] goods Construction of the answer.
[2025-10-02 23:04:44] INFO [goods:192] goods Get product with id: 10
[2025-10-02 23:04:44] INFO [goods:228] goods Construction of the answer.
[2025-10-02 23:05:29] INFO [goods:340] goods Get limited products.
[2025-10-02 23:05:29] INFO [goods:363] goods Construction of the answer.
[2025-10-02 23:05:29] INFO [goods:276] goods Get popular products.
[2025-10-02 23:05:29] INFO [goods:301] goods Construction of the answer.
[2025-10-02 23:05:29] INFO [goods:340] goods Get limited products.
[2025-10-02 23:05:29] INFO [goods:363] goods Construction of the answer.
[2025-10-02 23:05:31] INFO [goods:192] goods Get product with id: 10
[2025-10-02 23:05:31] INFO [goods:228] goods Construction of the answer.
[2025-10-02 23:16:43] INFO [goods:77] goods Get all products.
[2025-10-02 23:22:21] INFO [goods:77] goods Get all products.
[2025-10-02 23:25:14] INFO [goods:77] goods Get all products.
[2025-10-02 23:36:39] INFO [goods:77] goods Get all products.
[2025-10-02 23:38:17] INFO [goods:77] goods Get all products.
[2025-10-02 23:38:42] INFO [goods:77] goods Get all products.
[2025-10-02 23:38:42] ERROR [goods:25] goods 'ProductView' object has no attribute '_get_filtered_products'
[2025-10-02 23:38:42] INFO [goods:77] goods Get all products.
[2025-10-02 23:38:42] ERROR [goods:25] goods 'ProductView' object has no attribute '_get_filtered_products'
[2025-10-02 23:39:25] INFO [goods:77] goods Get all products.
[2025-10-02 23:39:25] ERROR [goods:25] goods 'ProductView' object has no attribute '_get_filtered_products'
[2025-10-02 23:41:21] INFO [goods:77] goods Get all products.
[2025-10-02 23:41:21] INFO [goods:105] goods Filtration and sorting of products.
[2025-10-02 23:41:21] INFO [goods:125] goods Product pagination.
[2025-10-02 23:41:21] ERROR [goods:25] goods 'QuerySet' object has no attribute 'GET'
[2025-10-02 23:41:22] INFO [goods:77] goods Get all products.
[2025-10-02 23:41:22] INFO [goods:105] goods Filtration and sorting of products.
[2025-10-02 23:41:22] INFO [goods:125] goods Product pagination.
[2025-10-02 23:41:22] ERROR [goods:25] goods 'QuerySet' object has no attribute 'GET'
[2025-10-02 23:42:49] INFO [goods:77] goods Get all products.
[2025-10-02 23:42:49] INFO [goods:105] goods Filtration and sorting of products.
[2025-10-02 23:42:49] INFO [goods:125] goods Product pagination.
[2025-10-02 23:42:49] ERROR [goods:25] goods 'QuerySet' object has no attribute 'GET'
[2025-10-02 23:42:57] INFO [goods:77] goods Get all products.
[2025-10-02 23:42:57] INFO [goods:105] goods Filtration and sorting of products.
[2025-10-02 23:42:57] INFO [goods:125] goods Product pagination.
[2025-10-02 23:42:57] ERROR [goods:25] goods 'QuerySet' object has no attribute 'GET'
[2025-10-02 23:43:31] INFO [goods:77] goods Get all products.
[2025-10-02 23:43:31] INFO [goods:106] goods Filtration and sorting of products.
[2025-10-02 23:43:31] INFO [goods:126] goods Product pagination.
[2025-10-02 23:43:31] ERROR [goods:25] goods 'QuerySet' object has no attribute 'GET'
[2025-10-02 23:43:48] INFO [goods:77] goods Get all products.
[2025-10-02 23:43:48] INFO [goods:105] goods Filtration and sorting of products.
[2025-10-02 23:43:48] INFO [goods:125] goods Product pagination.
[2025-10-02 23:43:48] ERROR [goods:25] goods 'list' object has no attribute 'GET'
[2025-10-02 23:44:28] INFO [goods:77] goods Get all products.
[2025-10-02 23:44:28] INFO [goods:105] goods Filtration and sorting of products.
[2025-10-02 23:44:28] INFO [goods:125] goods Product pagination.
[2025-10-02 23:44:28] ERROR [goods:25] goods 'QuerySet' object has no attribute 'GET'
[2025-10-02 23:45:30] INFO [goods:77] goods Get all products.
[2025-10-02 23:45:30] INFO [goods:110] goods Filtration and sorting of products.
[2025-10-02 23:45:30] INFO [goods:130] goods Product pagination.
[2025-10-02 23:45:30] INFO [goods:156] goods Construction of the answer.
[2025-10-02 23:47:40] INFO [goods:191] goods Get product with id: 2
[2025-10-02 23:47:40] INFO [goods:14] goods Construction of the answer.
[2025-10-02 23:47:57] INFO [goods:191] goods Get product with id: 2
[2025-10-02 23:47:57] INFO [goods:14] goods Construction of the answer.
[2025-10-02 23:49:48] INFO [goods:191] goods Get product with id: 2
[2025-10-02 23:49:48] INFO [goods:14] goods Construction of the answer.
[2025-10-02 23:49:59] INFO [goods:77] goods Get all products.
[2025-10-02 23:49:59] DEBUG [goods:110] goods Filtration and sorting of products.
[2025-10-02 23:49:59] DEBUG [goods:130] goods Product pagination.
[2025-10-02 23:49:59] INFO [goods:156] goods Construction of the answer.
[2025-10-02 23:50:00] INFO [goods:191] goods Get product with id: 4
[2025-10-02 23:50:00] INFO [goods:14] goods Construction of the answer.
[2025-10-02 23:50:07] INFO [goods:191] goods Get product with id: 4
[2025-10-02 23:50:07] INFO [goods:14] goods Construction of the answer.
[2025-10-02 23:52:27] INFO [goods:306] goods Get limited products.
[2025-10-02 23:52:27] INFO [goods:329] goods Construction of the answer.
[2025-10-02 23:52:27] INFO [goods:258] goods Get popular products.
[2025-10-02 23:52:27] INFO [goods:14] goods Construction of the answer.
[2025-10-02 23:52:27] INFO [goods:306] goods Get limited products.
[2025-10-02 23:52:27] INFO [goods:329] goods Construction of the answer.
[2025-10-02 23:52:30] INFO [goods:191] goods Get product with id: 2
[2025-10-02 23:52:30] INFO [goods:14] goods Construction of the answer.
[2025-10-02 23:54:38] INFO [goods:307] goods Get limited products.
[2025-10-02 23:54:38] DEBUG [goods:326] goods Get limited products.
[2025-10-02 23:54:38] INFO [goods:14] goods Construction of the answer.
[2025-10-02 23:54:38] INFO [goods:258] goods Get popular products.
[2025-10-02 23:54:38] DEBUG [goods:277] goods Get popular products.
[2025-10-02 23:54:38] INFO [goods:14] goods Construction of the answer.
[2025-10-02 23:54:38] INFO [goods:307] goods Get limited products.
[2025-10-02 23:54:38] DEBUG [goods:326] goods Get limited products.
[2025-10-02 23:54:39] INFO [goods:14] goods Construction of the answer.
[2025-10-02 23:54:46] INFO [goods:191] goods Get product with id: 6
[2025-10-02 23:54:46] INFO [goods:14] goods Construction of the answer.
[2025-10-02 23:54:51] INFO [goods:307] goods Get limited products.
[2025-10-02 23:54:51] DEBUG [goods:326] goods Get limited products.
[2025-10-02 23:54:51] INFO [goods:14] goods Construction of the answer.
[2025-10-02 23:54:51] INFO [goods:258] goods Get popular products.
[2025-10-02 23:54:51] DEBUG [goods:277] goods Get popular products.
[2025-10-02 23:54:51] INFO [goods:14] goods Construction of the answer.
[2025-10-02 23:54:52] INFO [goods:307] goods Get limited products.
[2025-10-02 23:54:52] DEBUG [goods:326] goods Get limited products.
[2025-10-02 23:54:52] INFO [goods:14] goods Construction of the answer.
[2025-10-03 00:02:57] INFO [goods:307] goods Get limited products.
[2025-10-03 00:02:57] DEBUG [goods:326] goods Get limited products.
[2025-10-03 00:02:57] INFO [goods:14] goods Construction of the answer.
[2025-10-03 00:02:57] INFO [goods:258] goods Get popular products.
[2025-10-03 00:02:57] DEBUG [goods:277] goods Get popular products.
[2025-10-03 00:02:57] INFO [goods:14] goods Construction of the answer.
[2025-10-03 00:02:57] INFO [goods:307] goods Get limited products.
[2025-10-03 00:02:57] DEBUG [goods:326] goods Get limited products.
[2025-10-03 00:02:57] INFO [goods:14] goods Construction of the answer.
[2025-10-03 00:02:59] INFO [goods:77] goods Get all products.
[2025-10-03 00:02:59] DEBUG [goods:110] goods Filtration and sorting of products.
[2025-10-03 00:02:59] DEBUG [goods:130] goods Product pagination.
[2025-10-03 00:02:59] INFO [goods:156] goods Construction of the answer.
[2025-10-03 01:04:08] INFO [goods:307] goods Get limited products.
[2025-10-03 01:04:08] DEBUG [goods:326] goods Get limited products.
[2025-10-03 01:04:08] INFO [goods:14] goods Construction of the answer.
[2025-10-03 01:04:08] INFO [goods:258] goods Get popular products.
[2025-10-03 01:04:08] DEBUG [goods:277] goods Get popular products.
[2025-10-03 01:04:08] INFO [goods:14] goods Construction of the answer.
[2025-10-03 01:04:08] INFO [goods:307] goods Get limited products.
[2025-10-03 01:04:08] DEBUG [goods:326] goods Get limited products.
[2025-10-03 01:04:08] INFO [goods:14] goods Construction of the answer.
[2025-10-03 01:05:36] INFO [goods:307] goods Get limited products.
[2025-10-03 01:05:36] DEBUG [goods:326] goods Get limited products.
[2025-10-03 01:05:36] INFO [goods:14] goods Construction of the answer.
[2025-10-03 01:05:36] INFO [goods:258] goods Get popular products.
[2025-10-03 01:05:36] DEBUG [goods:277] goods Get popular products.
[2025-10-03 01:05:36] INFO [goods:14] goods Construction of the answer.
[2025-10-03 01:05:36] INFO [goods:307] goods Get limited products.
[2025-10-03 01:05:36] DEBUG [goods:326] goods Get limited products.
[2025-10-03 01:05:36] INFO [goods:14] goods Construction of the answer.
[2025-10-03 01:05:41] INFO [goods:77] goods Get all products.
[2025-10-03 01:05:41] DEBUG [goods:110] goods Filtration and sorting of products.
[2025-10-03 01:05:41] DEBUG [goods:130] goods Product pagination.
[2025-10-03 01:05:41] INFO [goods:156] goods Construction of the answer.
[2025-10-03 01:05:43] INFO [goods:77] goods Get all products.
[2025-10-03 01:05:43] DEBUG [goods:110] goods Filtration and sorting of products.
[2025-10-03 01:05:43] DEBUG [goods:130] goods Product pagination.
[2025-10-03 01:05:43] INFO [goods:156] goods Construction of the answer.
[2025-10-03 01:06:04] INFO [goods:77] goods Get all products.
[2025-10-03 01:06:04] DEBUG [goods:110] goods Filtration and sorting of products.
[2025-10-03 01:06:04] DEBUG [goods:130] goods Product pagination.
[2025-10-03 01:06:04] INFO [goods:156] goods Construction of the answer.
[2025-10-03 01:06:05] INFO [goods:77] goods Get all products.
[2025-10-03 01:06:05] DEBUG [goods:110] goods Filtration and sorting of products.
[2025-10-03 01:06:05] DEBUG [goods:130] goods Product pagination.
[2025-10-03 01:06:05] INFO [goods:156] goods Construction of the answer.
[2025-10-03 01:06:26] INFO [goods:77] goods Get all products.
[2025-10-03 01:06:26] DEBUG [goods:110] goods Filtration and sorting of products.
[2025-10-03 01:06:26] DEBUG [goods:130] goods Product pagination.
[2025-10-03 01:06:26] INFO [goods:156] goods Construction of the answer.
[2025-10-03 01:06:32] INFO [goods:77] goods Get all products.
[2025-10-03 01:06:32] DEBUG [goods:110] goods Filtration and sorting of products.
[2025-10-03 01:06:32] DEBUG [goods:130] goods Product pagination.
[2025-10-03 01:06:32] INFO [goods:156] goods Construction of the answer.
[2025-10-03 01:06:47] INFO [goods:77] goods Get all products.
[2025-10-03 01:06:47] DEBUG [goods:110] goods Filtration and sorting of products.
[2025-10-03 01:06:47] DEBUG [goods:130] goods Product pagination.
[2025-10-03 01:06:47] INFO [goods:156] goods Construction of the answer.
[2025-10-03 01:06:48] INFO [goods:77] goods Get all products.
[2025-10-03 01:06:48] DEBUG [goods:110] goods Filtration and sorting of products.
[2025-10-03 01:06:48] DEBUG [goods:130] goods Product pagination.
[2025-10-03 01:06:48] INFO [goods:156] goods Construction of the answer.
[2025-10-03 01:06:49] INFO [goods:77] goods Get all products.
[2025-10-03 01:06:49] DEBUG [goods:110] goods Filtration and sorting of products.
[2025-10-03 01:06:49] DEBUG [goods:130] goods Product pagination.
[2025-10-03 01:06:49] INFO [goods:156] goods Construction of the answer.
[2025-10-03 01:06:54] INFO [goods:77] goods Get all products.
[2025-10-03 01:06:54] DEBUG [goods:110] goods Filtration and sorting of products.
[2025-10-03 01:06:54] DEBUG [goods:130] goods Product pagination.
[2025-10-03 01:06:54] INFO [goods:156] goods Construction of the answer.
[2025-10-03 01:06:55] INFO [goods:77] goods Get all products.
[2025-10-03 01:06:55] DEBUG [goods:110] goods Filtration and sorting of products.
[2025-10-03 01:06:55] DEBUG [goods:130] goods Product pagination.
[2025-10-03 01:06:55] INFO [goods:156] goods Construction of the answer.
[2025-10-03 01:06:57] INFO [goods:77] goods Get all products.
[2025-10-03 01:06:57] DEBUG [goods:110] goods Filtration and sorting of products.
[2025-10-03 01:06:57] DEBUG [goods:130] goods Product pagination.
[2025-10-03 01:06:57] INFO [goods:156] goods Construction of the answer.
[2025-10-03 01:06:57] INFO [goods:77] goods Get all products.
[2025-10-03 01:06:57] DEBUG [goods:110] goods Filtration and sorting of products.
[2025-10-03 01:06:57] DEBUG [goods:130] goods Product pagination.
[2025-10-03 01:06:57] INFO [goods:156] goods Construction of the answer.
[2025-10-03 01:07:00] INFO [goods:77] goods Get all products.
[2025-10-03 01:07:00] DEBUG [goods:110] goods Filtration and sorting of products.
[2025-10-03 01:07:00] DEBUG [goods:130] goods Product pagination.
[2025-10-03 01:07:00] INFO [goods:156] goods Construction of the answer.
[2025-10-03 01:07:03] INFO [goods:77] goods Get all products.
[2025-10-03 01:07:03] DEBUG [goods:110] goods Filtration and sorting of products.
[2025-10-03 01:07:03] DEBUG [goods:130] goods Product pagination.
[2025-10-03 01:07:03] INFO [goods:156] goods Construction of the answer.
[2025-10-03 01:07:07] INFO [goods:77] goods Get all products.
[2025-10-03 01:07:07] DEBUG [goods:110] goods Filtration and sorting of products.
[2025-10-03 01:07:07] DEBUG [goods:130] goods Product pagination.
[2025-10-03 01:07:07] INFO [goods:156] goods Construction of the answer.
[2025-10-03 01:07:07] INFO [goods:77] goods Get all products.
[2025-10-03 01:07:07] DEBUG [goods:110] goods Filtration and sorting of products.
[2025-10-03 01:07:07] DEBUG [goods:130] goods Product pagination.
[2025-10-03 01:07:07] INFO [goods:156] goods Construction of the answer.
[2025-10-03 01:07:08] INFO [goods:77] goods Get all products.
[2025-10-03 01:07:08] DEBUG [goods:110] goods Filtration and sorting of products.
[2025-10-03 01:07:08] DEBUG [goods:130] goods Product pagination.
[2025-10-03 01:07:08] INFO [goods:156] goods Construction of the answer.
[2025-10-03 01:07:10] INFO [goods:77] goods Get all products.
[2025-10-03 01:07:10] DEBUG [goods:110] goods Filtration and sorting of products.
[2025-10-03 01:07:10] DEBUG [goods:130] goods Product pagination.
[2025-10-03 01:07:10] INFO [goods:156] goods Construction of the answer.
[2025-10-03 01:07:12] INFO [goods:77] goods Get all products.
[2025-10-03 01:07:12] DEBUG [goods:110] goods Filtration and sorting of products.
[2025-10-03 01:07:12] DEBUG [goods:130] goods Product pagination.
[2025-10-03 01:07:12] INFO [goods:156] goods Construction of the answer.
[2025-10-03 01:07:13] INFO [goods:77] goods Get all products.
[2025-10-03 01:07:13] DEBUG [goods:110] goods Filtration and sorting of products.
[2025-10-03 01:07:13] DEBUG [goods:130] goods Product pagination.
[2025-10-03 01:07:13] INFO [goods:156] goods Construction of the answer.
[2025-10-03 01:07:24] INFO [goods:77] goods Get all products.
[2025-10-03 01:07:24] DEBUG [goods:110] goods Filtration and sorting of products.
[2025-10-03 01:07:24] DEBUG [goods:130] goods Product pagination.
[2025-10-03 01:07:24] INFO [goods:156] goods Construction of the answer.
[2025-10-03 01:07:26] INFO [goods:77] goods Get all products.
[2025-10-03 01:07:26] DEBUG [goods:110] goods Filtration and sorting of products.
[2025-10-03 01:07:26] DEBUG [goods:130] goods Product pagination.
[2025-10-03 01:07:26] INFO [goods:156] goods Construction of the answer.
[2025-10-03 01:07:27] INFO [goods:77] goods Get all products.
[2025-10-03 01:07:27] DEBUG [goods:110] goods Filtration and sorting of products.
[2025-10-03 01:07:27] DEBUG [goods:130] goods Product pagination.
[2025-10-03 01:07:27] INFO [goods:156] goods Construction of the answer.
[2025-10-03 01:07:28] INFO [goods:77] goods Get all products.
[2025-10-03 01:07:28] DEBUG [goods:110] goods Filtration and sorting of products.
[2025-10-03 01:07:28] DEBUG [goods:130] goods Product pagination.
[2025-10-03 01:07:28] INFO [goods:156] goods Construction of the answer.
[2025-10-03 01:07:28] INFO [goods:77] goods Get all products.
[2025-10-03 01:07:28] DEBUG [goods:110] goods Filtration and sorting of products.
[2025-10-03 01:07:28] DEBUG [goods:130] goods Product pagination.
[2025-10-03 01:07:28] INFO [goods:156] goods Construction of the answer.
[2025-10-03 01:07:29] INFO [goods:77] goods Get all products.
[2025-10-03 01:07:29] DEBUG [goods:110] goods Filtration and sorting of products.
[2025-10-03 01:07:29] DEBUG [goods:130] goods Product pagination.
[2025-10-03 01:07:29] INFO [goods:156] goods Construction of the answer.
[2025-10-03 01:07:29] INFO [goods:77] goods Get all products.
[2025-10-03 01:07:29] DEBUG [goods:110] goods Filtration and sorting of products.
[2025-10-03 01:07:29] DEBUG [goods:130] goods Product pagination.
[2025-10-03 01:07:29] INFO [goods:156] goods Construction of the answer.
[2025-10-03 01:07:30] INFO [goods:77] goods Get all products.
[2025-10-03 01:07:30] DEBUG [goods:110] goods Filtration and sorting of products.
[2025-10-03 01:07:30] DEBUG [goods:130] goods Product pagination.
[2025-10-03 01:07:30] INFO [goods:156] goods Construction of the answer.
[2025-10-03 01:07:31] INFO [goods:77] goods Get all products.
[2025-10-03 01:07:31] DEBUG [goods:110] goods Filtration and sorting of products.
[2025-10-03 01:07:31] DEBUG [goods:130] goods Product pagination.
[2025-10-03 01:07:31] INFO [goods:156] goods Construction of the answer.
[2025-10-03 01:07:31] INFO [goods:77] goods Get all products.
[2025-10-03 01:07:31] DEBUG [goods:110] goods Filtration and sorting of products.
[2025-10-03 01:07:31] DEBUG [goods:130] goods Product pagination.
[2025-10-03 01:07:31] INFO [goods:156] goods Construction of the answer.
[2025-10-03 01:07:33] INFO [goods:77] goods Get all products.
[2025-10-03 01:07:33] DEBUG [goods:110] goods Filtration and sorting of products.
[2025-10-03 01:07:33] DEBUG [goods:130] goods Product pagination.
[2025-10-03 01:07:33] INFO [goods:156] goods Construction of the answer.
[2025-10-03 01:07:34] INFO [goods:77] goods Get all products.
[2025-10-03 01:07:34] DEBUG [goods:110] goods Filtration and sorting of products.
[2025-10-03 01:07:34] DEBUG [goods:130] goods Product pagination.
[2025-10-03 01:07:34] INFO [goods:156] goods Construction of the answer.
[2025-10-03 01:07:34] INFO [goods:77] goods Get all products.
[2025-10-03 01:07:34] DEBUG [goods:110] goods Filtration and sorting of products.
[2025-10-03 01:07:34] DEBUG [goods:130] goods Product pagination.
[2025-10-03 01:07:34] INFO [goods:156] goods Construction of the answer.
[2025-10-03 01:07:34] INFO [goods:77] goods Get all products.
[2025-10-03 01:07:34] DEBUG [goods:110] goods Filtration and sorting of products.
[2025-10-03 01:07:34] DEBUG [goods:130] goods Product pagination.
[2025-10-03 01:07:34] INFO [goods:156] goods Construction of the answer.
[2025-10-03 01:07:35] INFO [goods:77] goods Get all products.
[2025-10-03 01:07:35] DEBUG [goods:110] goods Filtration and sorting of products.
[2025-10-03 01:07:35] DEBUG [goods:130] goods Product pagination.
[2025-10-03 01:07:35] INFO [goods:156] goods Construction of the answer.
[2025-10-03 01:07:35] INFO [goods:77] goods Get all products.
[2025-10-03 01:07:35] DEBUG [goods:110] goods Filtration and sorting of products.
[2025-10-03 01:07:35] DEBUG [goods:130] goods Product pagination.
[2025-10-03 01:07:35] INFO [goods:156] goods Construction of the answer.
[2025-10-03 01:07:35] INFO [goods:77] goods Get all products.
[2025-10-03 01:07:35] DEBUG [goods:110] goods Filtration and sorting of products.
[2025-10-03 01:07:35] DEBUG [goods:130] goods Product pagination.
[2025-10-03 01:07:35] INFO [goods:156] goods Construction of the answer.
[2025-10-03 01:10:04] INFO [goods:307] goods Get limited products.
[2025-10-03 01:10:04] DEBUG [goods:326] goods Get limited products.
[2025-10-03 01:10:04] INFO [goods:14] goods Construction of the answer.
[2025-10-03 01:10:04] INFO [goods:258] goods Get popular products.
[2025-10-03 01:10:04] DEBUG [goods:277] goods Get popular products.
[2025-10-03 01:10:04] INFO [goods:14] goods Construction of the answer.
[2025-10-03 01:10:04] INFO [goods:307] goods Get limited products.
[2025-10-03 01:10:04] DEBUG [goods:326] goods Get limited products.
[2025-10-03 01:10:04] INFO [goods:14] goods Construction of the answer.
[2025-10-03 01:10:05] INFO [goods:77] goods Get all products.
[2025-10-03 01:10:05] DEBUG [goods:110] goods Filtration and sorting of products.
[2025-10-03 01:10:05] DEBUG [goods:130] goods Product pagination.
[2025-10-03 01:10:05] INFO [goods:156] goods Construction of the answer.
[2025-10-03 01:10:09] INFO [goods:191] goods Get product with id: 11
[2025-10-03 01:10:09] INFO [goods:14] goods Construction of the answer.
[2025-10-03 01:10:32] INFO [goods:307] goods Get limited products.
[2025-10-03 01:10:32] DEBUG [goods:326] goods Get limited products.
[2025-10-03 01:10:32] INFO [goods:14] goods Construction of the answer.
[2025-10-03 01:10:32] INFO [goods:258] goods Get popular products.
[2025-10-03 01:10:32] DEBUG [goods:277] goods Get popular products.
[2025-10-03 01:10:32] INFO [goods:14] goods Construction of the answer.
[2025-10-03 01:10:32] INFO [goods:307] goods Get limited products.
[2025-10-03 01:10:32] DEBUG [goods:326] goods Get limited products.
[2025-10-03 01:10:32] INFO [goods:14] goods Construction of the answer.
[2025-10-03 01:10:36] INFO [goods:77] goods Get all products.
[2025-10-03 01:10:36] DEBUG [goods:110] goods Filtration and sorting of products.
[2025-10-03 01:10:36] DEBUG [goods:130] goods Product pagination.
[2025-10-03 01:10:36] INFO [goods:156] goods Construction of the answer.
[2025-10-03 01:11:57] INFO [goods:77] goods Get all products.
[2025-10-03 01:11:57] DEBUG [goods:110] goods Filtration and sorting of products.
[2025-10-03 01:11:57] DEBUG [goods:130] goods Product pagination.
[2025-10-03 01:11:57] INFO [goods:156] goods Construction of the answer.
[2025-10-03 01:11:57] INFO [goods:77] goods Get all products.
[2025-10-03 01:11:57] DEBUG [goods:110] goods Filtration and sorting of products.
[2025-10-03 01:11:57] DEBUG [goods:130] goods Product pagination.
[2025-10-03 01:11:57] INFO [goods:156] goods Construction of the answer.
[2025-10-03 01:13:20] INFO [goods:77] goods Get all products.
[2025-10-03 01:13:20] DEBUG [goods:110] goods Filtration and sorting of products.
[2025-10-03 01:13:20] DEBUG [goods:130] goods Product pagination.
[2025-10-03 01:13:20] INFO [goods:156] goods Construction of the answer.
[2025-10-03 01:13:21] INFO [goods:77] goods Get all products.
[2025-10-03 01:13:21] DEBUG [goods:110] goods Filtration and sorting of products.
[2025-10-03 01:13:21] DEBUG [goods:130] goods Product pagination.
[2025-10-03 01:13:21] INFO [goods:156] goods Construction of the answer.
[2025-10-03 01:14:57] INFO [goods:77] goods Get all products.
[2025-10-03 01:14:57] DEBUG [goods:110] goods Filtration and sorting of products.
[2025-10-03 01:14:57] DEBUG [goods:130] goods Product pagination.
[2025-10-03 01:14:57] INFO [goods:156] goods Construction of the answer.
[2025-10-03 01:16:21] INFO [goods:191] goods Get product with id: 2
[2025-10-03 01:16:21] INFO [goods:14] goods Construction of the answer.
[2025-10-03 01:16:23] INFO [goods:191] goods Get product with id: 1
[2025-10-03 01:16:23] INFO [goods:14] goods Construction of the answer.
[2025-10-03 01:16:23] INFO [goods:191] goods Get product with id: 11
[2025-10-03 01:16:23] INFO [goods:14] goods Construction of the answer.
[2025-10-03 01:16:38] INFO [goods:191] goods Get product with id: 11
[2025-10-03 01:16:39] INFO [goods:191] goods Get product with id: 11
[2025-10-03 01:16:40] INFO [goods:191] goods Get product with id: 11
[2025-10-03 01:16:54] INFO [goods:191] goods Get product with id: 11
[2025-10-03 01:16:58] INFO [goods:191] goods Get product with id: 11
[2025-10-03 01:17:16] INFO [goods:191] goods Get product with id: 11
[2025-10-03 01:17:31] INFO [goods:191] goods Get product with id: 11
[2025-10-03 01:17:51] INFO [goods:191] goods Get product with id: 11
[2025-10-03 01:18:02] INFO [goods:77] goods Get all products.
[2025-10-03 01:18:02] DEBUG [goods:110] goods Filtration and sorting of products.
[2025-10-03 01:18:02] DEBUG [goods:130] goods Product pagination.
[2025-10-03 01:18:02] INFO [goods:156] goods Construction of the answer.
[2025-10-03 01:18:03] INFO [goods:191] goods Get product with id: 10
[2025-10-03 01:18:03] INFO [goods:14] goods Construction of the answer.
[2025-10-03 01:18:09] INFO [goods:191] goods Get product with id: 11
[2025-10-03 01:18:37] INFO [goods:191] goods Get product with id: 33
[2025-10-03 01:18:40] INFO [goods:191] goods Get product with id: 1
[2025-10-03 01:18:40] INFO [goods:14] goods Construction of the answer.
[2025-10-03 01:18:41] INFO [goods:191] goods Get product with id: 11
[2025-10-03 01:19:28] INFO [goods:191] goods Get product with id: 11
[2025-10-03 01:19:28] ERROR [goods:25] goods Product matching query does not exist.
[2025-10-06 12:09:48] INFO [goods:309] goods Get limited products.
[2025-10-06 12:09:48] DEBUG [goods:328] goods Get limited products.
[2025-10-06 12:09:48] INFO [goods:13] goods Construction of the answer.
[2025-10-06 12:09:48] INFO [goods:260] goods Get popular products.
[2025-10-06 12:09:48] DEBUG [goods:279] goods Get popular products.
[2025-10-06 12:09:48] INFO [goods:13] goods Construction of the answer.
[2025-10-06 12:09:48] INFO [goods:309] goods Get limited products.
[2025-10-06 12:09:48] DEBUG [goods:328] goods Get limited products.
[2025-10-06 12:09:48] INFO [goods:13] goods Construction of the answer.
[2025-10-06 12:10:30] INFO [goods:309] goods Get limited products.
[2025-10-06 12:10:30] DEBUG [goods:328] goods Get limited products.
[2025-10-06 12:10:30] INFO [goods:13] goods Construction of the answer.
[2025-10-06 12:10:30] INFO [goods:260] goods Get popular products.
[2025-10-06 12:10:30] DEBUG [goods:279] goods Get popular products.
[2025-10-06 12:10:30] INFO [goods:13] goods Construction of the answer.
[2025-10-06 12:10:30] INFO [goods:309] goods Get limited products.
[2025-10-06 12:10:30] DEBUG [goods:328] goods Get limited products.
[2025-10-06 12:10:30] INFO [goods:13] goods Construction of the answer.
[2025-10-06 12:10:33] INFO [goods:309] goods Get limited products.
[2025-10-06 12:10:33] DEBUG [goods:328] goods Get limited products.
[2025-10-06 12:10:33] INFO [goods:13] goods Construction of the answer.
[2025-10-06 12:10:33] INFO [goods:260] goods Get popular products.
[2025-10-06 12:10:33] DEBUG [goods:279] goods Get popular products.
[2025-10-06 12:10:33] INFO [goods:13] goods Construction of the answer.
[2025-10-06 12:10:33] INFO [goods:309] goods Get limited products.
[2025-10-06 12:10:33] DEBUG [goods:328] goods Get limited products.
[2025-10-06 12:10:33] INFO [goods:13] goods Construction of the answer.
[2025-10-06 12:10:40] INFO [goods:309] goods Get limited products.
[2025-10-06 12:10:40] DEBUG [goods:328] goods Get limited products.
[2025-10-06 12:10:40] INFO [goods:13] goods Construction of the answer.
[2025-10-06 12:10:40] INFO [goods:260] goods Get popular products.
[2025-10-06 12:10:40] DEBUG [goods:279] goods Get popular products.
[2025-10-06 12:10:40] INFO [goods:13] goods Construction of the answer.
[2025-10-06 12:10:40] INFO [goods:309] goods Get limited products.
[2025-10-06 12:10:40] DEBUG [goods:328] goods Get limited products.
[2025-10-06 12:10:40] INFO [goods:13] goods Construction of the answer.
[2025-10-06 12:10:43] INFO [goods:309] goods Get limited products.
[2025-10-06 12:10:43] DEBUG [goods:328] goods Get limited products.
[2025-10-06 12:10:43] INFO [goods:13] goods Construction of the answer.
[2025-10-06 12:10:43] INFO [goods:260] goods Get popular products.
[2025-10-06 12:10:43] DEBUG [goods:279] goods Get popular products.
[2025-10-06 12:10:43] INFO [goods:13] goods Construction of the answer.
[2025-10-06 12:10:43] INFO [goods:309] goods Get limited products.
[2025-10-06 12:10:43] DEBUG [goods:328] goods Get limited products.
[2025-10-06 12:10:43] INFO [goods:13] goods Construction of the answer.
[2025-10-06 12:11:50] INFO [goods:309] goods Get limited products.
[2025-10-06 12:11:50] DEBUG [goods:328] goods Get limited products.
[2025-10-06 12:11:50] INFO [goods:13] goods Construction of the answer.
[2025-10-06 12:11:50] INFO [goods:260] goods Get popular products.
[2025-10-06 12:11:50] DEBUG [goods:279] goods Get popular products.
[2025-10-06 12:11:50] INFO [goods:13] goods Construction of the answer.
[2025-10-06 12:11:51] INFO [goods:309] goods Get limited products.
[2025-10-06 12:11:51] DEBUG [goods:328] goods Get limited products.
[2025-10-06 12:11:51] INFO [goods:13] goods Construction of the answer.
[2025-10-06 12:11:51] INFO [goods:309] goods Get limited products.
[2025-10-06 12:11:51] DEBUG [goods:328] goods Get limited products.
[2025-10-06 12:11:51] INFO [goods:13] goods Construction of the answer.
[2025-10-06 12:11:51] INFO [goods:260] goods Get popular products.
[2025-10-06 12:11:51] DEBUG [goods:279] goods Get popular products.
[2025-10-06 12:11:51] INFO [goods:13] goods Construction of the answer.
[2025-10-06 12:11:52] INFO [goods:309] goods Get limited products.
[2025-10-06 12:11:52] DEBUG [goods:328] goods Get limited products.
[2025-10-06 12:11:52] INFO [goods:13] goods Construction of the answer.
[2025-10-06 12:12:03] INFO [goods:309] goods Get limited products.
[2025-10-06 12:12:03] INFO [goods:260] goods Get popular products.
[2025-10-06 12:12:03] DEBUG [goods:328] goods Get limited products.
[2025-10-06 12:12:03] DEBUG [goods:279] goods Get popular products.
[2025-10-06 12:12:03] INFO [goods:13] goods Construction of the answer.
[2025-10-06 12:12:04] INFO [goods:13] goods Construction of the answer.
[2025-10-06 12:12:04] INFO [goods:309] goods Get limited products.
[2025-10-06 12:12:04] DEBUG [goods:328] goods Get limited products.
[2025-10-06 12:12:04] INFO [goods:13] goods Construction of the answer.
[2025-10-06 12:14:06] INFO [goods:309] goods Get limited products.
[2025-10-06 12:14:06] DEBUG [goods:328] goods Get limited products.
[2025-10-06 12:14:06] INFO [goods:13] goods Construction of the answer.
[2025-10-06 12:14:06] INFO [goods:260] goods Get popular products.
[2025-10-06 12:14:06] DEBUG [goods:279] goods Get popular products.
[2025-10-06 12:14:06] INFO [goods:13] goods Construction of the answer.
[2025-10-06 12:14:06] INFO [goods:309] goods Get limited products.
[2025-10-06 12:14:06] DEBUG [goods:328] goods Get limited products.
[2025-10-06 12:14:06] INFO [goods:13] goods Construction of the answer.
[2025-10-06 12:14:08] INFO [goods:309] goods Get limited products.
[2025-10-06 12:14:08] DEBUG [goods:328] goods Get limited products.
[2025-10-06 12:14:08] INFO [goods:13] goods Construction of the answer.
[2025-10-06 12:14:08] INFO [goods:260] goods Get popular products.
[2025-10-06 12:14:08] DEBUG [goods:279] goods Get popular products.
[2025-10-06 12:14:08] INFO [goods:13] goods Construction of the answer.
[2025-10-06 12:14:08] INFO [goods:309] goods Get limited products.
[2025-10-06 12:14:08] DEBUG [goods:328] goods Get limited products.
[2025-10-06 12:14:08] INFO [goods:13] goods Construction of the answer.
[2025-10-06 12:15:05] INFO [goods:309] goods Get limited products.
[2025-10-06 12:15:05] DEBUG [goods:328] goods Get limited products.
[2025-10-06 12:15:05] INFO [goods:13] goods Construction of the answer.
[2025-10-06 12:15:05] INFO [goods:260] goods Get popular products.
[2025-10-06 12:15:05] DEBUG [goods:279] goods Get popular products.
[2025-10-06 12:15:05] INFO [goods:13] goods Construction of the answer.
[2025-10-06 12:15:05] INFO [goods:309] goods Get limited products.
[2025-10-06 12:15:05] DEBUG [goods:328] goods Get limited products.
[2025-10-06 12:15:05] INFO [goods:13] goods Construction of the answer.
[2025-10-06 12:21:12] INFO [goods:309] goods Get limited products.
[2025-10-06 12:21:12] DEBUG [goods:328] goods Get limited products.
[2025-10-06 12:21:12] INFO [goods:13] goods Construction of the answer.
[2025-10-06 12:21:12] INFO [goods:260] goods Get popular products.
[2025-10-06 12:21:12] DEBUG [goods:279] goods Get popular products.
[2025-10-06 12:21:12] INFO [goods:13] goods Construction of the answer.
[2025-10-06 12:21:12] INFO [goods:309] goods Get limited products.
[2025-10-06 12:21:12] DEBUG [goods:328] goods Get limited products.
[2025-10-06 12:21:12] INFO [goods:13] goods Construction of the answer.
[2025-10-06 12:21:42] INFO [goods:309] goods Get limited products.
[2025-10-06 12:21:42] DEBUG [goods:328] goods Get limited products.
[2025-10-06 12:21:42] INFO [goods:13] goods Construction of the answer.
[2025-10-06 12:21:42] INFO [goods:260] goods Get popular products.
[2025-10-06 12:21:42] DEBUG [goods:279] goods Get popular products.
[2025-10-06 12:21:42] INFO [goods:13] goods Construction of the answer.
[2025-10-06 12:21:42] INFO [goods:309] goods Get limited products.
[2025-10-06 12:21:42] DEBUG [goods:328] goods Get limited products.
[2025-10-06 12:21:42] INFO [goods:13] goods Construction of the answer.
[2025-10-06 12:23:19] INFO [goods:309] goods Get limited products.
[2025-10-06 12:23:19] DEBUG [goods:328] goods Get limited products.
[2025-10-06 12:23:19] INFO [goods:13] goods Construction of the answer.
[2025-10-06 12:23:19] INFO [goods:260] goods Get popular products.
[2025-10-06 12:23:19] DEBUG [goods:279] goods Get popular products.
[2025-10-06 12:23:19] INFO [goods:13] goods Construction of the answer.
[2025-10-06 12:23:19] INFO [goods:309] goods Get limited products.
[2025-10-06 12:23:19] DEBUG [goods:328] goods Get limited products.
[2025-10-06 12:23:19] INFO [goods:13] goods Construction of the answer.
[2025-10-06 12:23:38] INFO [goods:309] goods Get limited products.
[2025-10-06 12:23:38] DEBUG [goods:328] goods Get limited products.
[2025-10-06 12:23:38] INFO [goods:13] goods Construction of the answer.
[2025-10-06 12:23:38] INFO [goods:260] goods Get popular products.
[2025-10-06 12:23:38] DEBUG [goods:279] goods Get popular products.
[2025-10-06 12:23:38] INFO [goods:13] goods Construction of the answer.
[2025-10-06 12:23:38] INFO [goods:309] goods Get limited products.
[2025-10-06 12:23:38] DEBUG [goods:328] goods Get limited products.
[2025-10-06 12:23:38] INFO [goods:13] goods Construction of the answer.
[2025-10-06 12:23:41] INFO [goods:309] goods Get limited products.
[2025-10-06 12:23:41] DEBUG [goods:328] goods Get limited products.
[2025-10-06 12:23:41] INFO [goods:13] goods Construction of the answer.
[2025-10-06 12:23:41] INFO [goods:260] goods Get popular products.
[2025-10-06 12:23:41] DEBUG [goods:279] goods Get popular products.
[2025-10-06 12:23:41] INFO [goods:13] goods Construction of the answer.
[2025-10-06 12:23:41] INFO [goods:309] goods Get limited products.
[2025-10-06 12:23:41] DEBUG [goods:328] goods Get limited products.
[2025-10-06 12:23:41] INFO [goods:13] goods Construction of the answer.
[2025-10-06 12:24:02] INFO [goods:309] goods Get limited products.
[2025-10-06 12:24:02] DEBUG [goods:328] goods Get limited products.
[2025-10-06 12:24:02] INFO [goods:13] goods Construction of the answer.
[2025-10-06 12:24:02] INFO [goods:260] goods Get popular products.
[2025-10-06 12:24:02] DEBUG [goods:279] goods Get popular products.
[2025-10-06 12:24:02] INFO [goods:13] goods Construction of the answer.
[2025-10-06 12:24:03] INFO [goods:309] goods Get limited products.
[2025-10-06 12:24:03] DEBUG [goods:328] goods Get limited products.
[2025-10-06 12:24:03] INFO [goods:13] goods Construction of the answer.
[2025-10-06 12:24:05] INFO [goods:309] goods Get limited products.
[2025-10-06 12:24:05] INFO [goods:260] goods Get popular products.
[2025-10-06 12:24:05] DEBUG [goods:328] goods Get limited products.
[2025-10-06 12:24:05] DEBUG [goods:279] goods Get popular products.
[2025-10-06 12:24:05] INFO [goods:13] goods Construction of the answer.
[2025-10-06 12:24:05] INFO [goods:13] goods Construction of the answer.
[2025-10-06 12:24:06] INFO [goods:309] goods Get limited products.
[2025-10-06 12:24:06] DEBUG [goods:328] goods Get limited products.
[2025-10-06 12:24:06] INFO [goods:13] goods Construction of the answer.
[2025-10-06 12:24:29] INFO [goods:309] goods Get limited products.
[2025-10-06 12:24:29] DEBUG [goods:328] goods Get limited products.
[2025-10-06 12:24:29] INFO [goods:13] goods Construction of the answer.
[2025-10-06 12:24:29] INFO [goods:260] goods Get popular products.
[2025-10-06 12:24:29] DEBUG [goods:279] goods Get popular products.
[2025-10-06 12:24:29] INFO [goods:13] goods Construction of the answer.
[2025-10-06 12:24:29] INFO [goods:309] goods Get limited products.
[2025-10-06 12:24:29] DEBUG [goods:328] goods Get limited products.
[2025-10-06 12:24:29] INFO [goods:13] goods Construction of the answer.
[2025-10-06 12:24:32] INFO [goods:309] goods Get limited products.
[2025-10-06 12:24:32] DEBUG [goods:328] goods Get limited products.
[2025-10-06 12:24:32] INFO [goods:260] goods Get popular products.
[2025-10-06 12:24:32] INFO [goods:13] goods Construction of the answer.
[2025-10-06 12:24:32] DEBUG [goods:279] goods Get popular products.
[2025-10-06 12:24:32] INFO [goods:13] goods Construction of the answer.
[2025-10-06 12:24:32] INFO [goods:309] goods Get limited products.
[2025-10-06 12:24:32] DEBUG [goods:328] goods Get limited products.
[2025-10-06 12:24:32] INFO [goods:13] goods Construction of the answer.
[2025-10-06 12:25:07] INFO [goods:309] goods Get limited products.
[2025-10-06 12:25:07] DEBUG [goods:328] goods Get limited products.
[2025-10-06 12:25:07] INFO [goods:13] goods Construction of the answer.
[2025-10-06 12:25:07] INFO [goods:260] goods Get popular products.
[2025-10-06 12:25:07] DEBUG [goods:279] goods Get popular products.
[2025-10-06 12:25:07] INFO [goods:13] goods Construction of the answer.
[2025-10-06 12:25:07] INFO [goods:309] goods Get limited products.
[2025-10-06 12:25:07] DEBUG [goods:328] goods Get limited products.
[2025-10-06 12:25:07] INFO [goods:13] goods Construction of the answer.
[2025-10-06 12:25:08] INFO [goods:309] goods Get limited products.
[2025-10-06 12:25:08] DEBUG [goods:328] goods Get limited products.
[2025-10-06 12:25:08] INFO [goods:13] goods Construction of the answer.
[2025-10-06 12:25:08] INFO [goods:260] goods Get popular products.
[2025-10-06 12:25:08] DEBUG [goods:279] goods Get popular products.
[2025-10-06 12:25:08] INFO [goods:13] goods Construction of the answer.
[2025-10-06 12:25:08] INFO [goods:309] goods Get limited products.
[2025-10-06 12:25:08] DEBUG [goods:328] goods Get limited products.
[2025-10-06 12:25:08] INFO [goods:13] goods Construction of the answer.
[2025-10-06 12:25:12] INFO [goods:309] goods Get limited products.
[2025-10-06 12:25:12] DEBUG [goods:328] goods Get limited products.
[2025-10-06 12:25:12] INFO [goods:13] goods Construction of the answer.
[2025-10-06 12:25:12] INFO [goods:260] goods Get popular products.
[2025-10-06 12:25:12] DEBUG [goods:279] goods Get popular products.
[2025-10-06 12:25:12] INFO [goods:13] goods Construction of the answer.
[2025-10-06 12:25:12] INFO [goods:309] goods Get limited products.
[2025-10-06 12:25:12] DEBUG [goods:328] goods Get limited products.
[2025-10-06 12:25:12] INFO [goods:13] goods Construction of the answer.
[2025-10-06 13:13:48] INFO [goods:309] goods Get limited products.
[2025-10-06 13:13:48] DEBUG [goods:328] goods Get limited products.
[2025-10-06 13:13:48] INFO [goods:13] goods Construction of the answer.
[2025-10-06 13:13:48] INFO [goods:260] goods Get popular products.
[2025-10-06 13:13:48] DEBUG [goods:279] goods Get popular products.
[2025-10-06 13:13:48] INFO [goods:13] goods Construction of the answer.
[2025-10-06 13:13:48] INFO [goods:309] goods Get limited products.
[2025-10-06 13:13:48] DEBUG [goods:328] goods Get limited products.
[2025-10-06 13:13:48] INFO [goods:13] goods Construction of the answer.
[2025-10-06 13:13:49] INFO [goods:191] goods Get product with id: 10
[2025-10-06 13:13:49] INFO [goods:13] goods Construction of the answer.
[2025-10-06 13:16:24] INFO [goods:309] goods Get limited products.
[2025-10-06 13:16:24] DEBUG [goods:328] goods Get limited products.
[2025-10-06 13:16:24] INFO [goods:13] goods Construction of the answer.
[2025-10-06 13:16:24] INFO [goods:260] goods Get popular products.
[2025-10-06 13:16:24] DEBUG [goods:279] goods Get popular products.
[2025-10-06 13:16:24] INFO [goods:13] goods Construction of the answer.
[2025-10-06 13:16:25] INFO [goods:309] goods Get limited products.
[2025-10-06 13:16:25] DEBUG [goods:328] goods Get limited products.
[2025-10-06 13:16:25] INFO [goods:13] goods Construction of the answer.
[2025-10-06 13:16:27] INFO [goods:191] goods Get product with id: 6
[2025-10-06 13:16:27] INFO [goods:13] goods Construction of the answer.
[2025-10-06 13:16:30] INFO [goods:260] goods Get popular products.
[2025-10-06 13:16:30] DEBUG [goods:279] goods Get popular products.
[2025-10-06 13:16:30] INFO [goods:309] goods Get limited products.
[2025-10-06 13:16:30] INFO [goods:13] goods Construction of the answer.
[2025-10-06 13:16:30] DEBUG [goods:328] goods Get limited products.
[2025-10-06 13:16:30] INFO [goods:13] goods Construction of the answer.
[2025-10-06 13:16:30] INFO [goods:309] goods Get limited products.
[2025-10-06 13:16:30] DEBUG [goods:328] goods Get limited products.
[2025-10-06 13:16:30] INFO [goods:13] goods Construction of the answer.
[2025-10-06 13:16:31] INFO [goods:191] goods Get product with id: 6
[2025-10-06 13:16:31] INFO [goods:13] goods Construction of the answer.
[2025-10-06 13:45:53] INFO [goods:309] goods Get limited products.
[2025-10-06 13:45:53] DEBUG [goods:328] goods Get limited products.
[2025-10-06 13:45:53] INFO [goods:13] goods Construction of the answer.
[2025-10-06 13:45:53] INFO [goods:260] goods Get popular products.
[2025-10-06 13:45:53] DEBUG [goods:279] goods Get popular products.
[2025-10-06 13:45:53] INFO [goods:13] goods Construction of the answer.
[2025-10-06 13:45:54] INFO [goods:309] goods Get limited products.
[2025-10-06 13:45:54] DEBUG [goods:328] goods Get limited products.
[2025-10-06 13:45:54] INFO [goods:13] goods Construction of the answer.
[2025-10-06 13:45:55] INFO [goods:191] goods Get product with id: 10
[2025-10-06 13:45:55] INFO [goods:13] goods Construction of the answer.
[2025-10-06 13:48:31] INFO [goods:309] goods Get limited products.
[2025-10-06 13:48:31] DEBUG [goods:328] goods Get limited products.
[2025-10-06 13:48:31] INFO [goods:13] goods Construction of the answer.
[2025-10-06 13:48:31] INFO [goods:260] goods Get popular products.
[2025-10-06 13:48:31] DEBUG [goods:279] goods Get popular products.
[2025-10-06 13:48:31] INFO [goods:13] goods Construction of the answer.
[2025-10-06 13:48:31] INFO [goods:309] goods Get limited products.
[2025-10-06 13:48:31] DEBUG [goods:328] goods Get limited products.
[2025-10-06 13:48:31] INFO [goods:13] goods Construction of the answer.
[2025-10-06 13:56:13] INFO [goods:309] goods Get limited products.
[2025-10-06 13:56:13] DEBUG [goods:328] goods Get limited products.
[2025-10-06 13:56:13] INFO [goods:13] goods Construction of the answer.
[2025-10-06 13:56:13] INFO [goods:260] goods Get popular products.
[2025-10-06 13:56:13] DEBUG [goods:279] goods Get popular products.
[2025-10-06 13:56:13] INFO [goods:13] goods Construction of the answer.
[2025-10-06 13:56:14] INFO [goods:309] goods Get limited products.
[2025-10-06 13:56:14] DEBUG [goods:328] goods Get limited products.
[2025-10-06 13:56:14] INFO [goods:13] goods Construction of the answer.
[2025-10-06 13:56:15] INFO [goods:191] goods Get product with id: 6
[2025-10-06 13:56:15] INFO [goods:13] goods Construction of the answer.
[2025-10-06 14:14:41] INFO [goods:309] goods Get limited products.
[2025-10-06 14:14:41] DEBUG [goods:328] goods Get limited products.
[2025-10-06 14:14:41] INFO [goods:13] goods Construction of the answer.
[2025-10-06 14:14:41] INFO [goods:260] goods Get popular products.
[2025-10-06 14:14:41] DEBUG [goods:279] goods Get popular products.
[2025-10-06 14:14:41] INFO [goods:13] goods Construction of the answer.
[2025-10-06 14:14:41] INFO [goods:309] goods Get limited products.
[2025-10-06 14:14:41] DEBUG [goods:328] goods Get limited products.
[2025-10-06 14:14:41] INFO [goods:13] goods Construction of the answer.
[2025-10-06 20:28:10] INFO [goods:309] goods Get limited products.
[2025-10-06 20:28:10] DEBUG [goods:328] goods Get limited products.
[2025-10-06 20:28:10] INFO [goods:13] goods Construction of the answer.
[2025-10-06 20:28:10] INFO [goods:260] goods Get popular products.
[2025-10-06 20:28:10] DEBUG [goods:279] goods Get popular products.
[2025-10-06 20:28:10] INFO [goods:13] goods Construction of the answer.
[2025-10-06 20:28:10] INFO [goods:309] goods Get limited products.
[2025-10-06 20:28:10] DEBUG [goods:328] goods Get limited products.
[2025-10-06 20:28:10] INFO [goods:13] goods Construction of the answer.
[2025-10-06 20:29:02] INFO [goods:309] goods Get limited products.
[2025-10-06 20:29:02] DEBUG [goods:328] goods Get limited products.
[2025-10-06 20:29:02] INFO [goods:13] goods Construction of the answer.
[2025-10-06 20:29:02] INFO [goods:260] goods Get popular products.
[2025-10-06 20:29:02] DEBUG [goods:279] goods Get popular products.
[2025-10-06 20:29:02] INFO [goods:13] goods Construction of the answer.
[2025-10-06 20:29:02] INFO [goods:309] goods Get limited products.
[2025-10-06 20:29:02] DEBUG [goods:328] goods Get limited products.
[2025-10-06 20:29:02] INFO [goods:13] goods Construction of the answer.
[2025-10-06 20:37:11] INFO [goods:309] goods Get limited products.
[2025-10-06 20:37:11] DEBUG [goods:328] goods Get limited products.
[2025-10-06 20:37:11] INFO [goods:13] goods Construction of the answer.
[2025-10-06 20:37:11] INFO [goods:260] goods Get popular products.
[2025-10-06 20:37:11] DEBUG [goods:279] goods Get popular products.
[2025-10-06 20:37:11] INFO [goods:13] goods Construction of the answer.
[2025-10-06 20:37:11] INFO [goods:309] goods Get limited products.
[2025-10-06 20:37:11] DEBUG [goods:328] goods Get limited products.
[2025-10-06 20:37:11] INFO [goods:13] goods Construction of the answer.
[2025-10-06 20:37:13] INFO [goods:191] goods Get product with id: 10
[2025-10-06 20:37:13] INFO [goods:13] goods Construction of the answer.
[2025-10-06 20:41:28] INFO [goods:309] goods Get limited products.
[2025-10-06 20:41:28] DEBUG [goods:328] goods Get limited products.
[2025-10-06 20:41:28] INFO [goods:13] goods Construction of the answer.
[2025-10-06 20:41:28] INFO [goods:260] goods Get popular products.
[2025-10-06 20:41:28] DEBUG [goods:279] goods Get popular products.
[2025-10-06 20:41:28] INFO [goods:13] goods Construction of the answer.
[2025-10-06 20:41:28] INFO [goods:309] goods Get limited products.
[2025-10-06 20:41:28] DEBUG [goods:328] goods Get limited products.
[2025-10-06 20:41:28] INFO [goods:13] goods Construction of the answer.
[2025-10-06 20:41:29] INFO [goods:191] goods Get product with id: 10
[2025-10-06 20:41:29] INFO [goods:13] goods Construction of the answer.
[2025-10-06 20:44:21] INFO [goods:77] goods Get all products.
[2025-10-06 20:44:21] DEBUG [goods:110] goods Filtration and sorting of products.
[2025-10-06 20:44:21] DEBUG [goods:130] goods Product pagination.
[2025-10-06 20:44:21] INFO [goods:156] goods Construction of the answer.
[2025-10-06 20:45:24] INFO [goods:309] goods Get limited products.
[2025-10-06 20:45:24] DEBUG [goods:328] goods Get limited products.
[2025-10-06 20:45:24] INFO [goods:13] goods Construction of the answer.
[2025-10-06 20:45:24] INFO [goods:260] goods Get popular products.
[2025-10-06 20:45:24] DEBUG [goods:279] goods Get popular products.
[2025-10-06 20:45:24] INFO [goods:13] goods Construction of the answer.
[2025-10-06 20:45:24] INFO [goods:309] goods Get limited products.
[2025-10-06 20:45:24] DEBUG [goods:328] goods Get limited products.
[2025-10-06 20:45:24] INFO [goods:13] goods Construction of the answer.
[2025-10-08 22:43:14] INFO [goods:312] goods Get limited products.
[2025-10-08 22:43:14] DEBUG [goods:332] goods Get limited products.
[2025-10-08 22:43:14] INFO [goods:13] goods Construction of the answer.
[2025-10-08 22:43:14] INFO [goods:261] goods Get popular products.
[2025-10-08 22:43:14] DEBUG [goods:281] goods Get popular products.
[2025-10-08 22:43:14] INFO [goods:13] goods Construction of the answer.
[2025-10-08 22:43:15] INFO [goods:312] goods Get limited products.
[2025-10-08 22:43:15] DEBUG [goods:332] goods Get limited products.
[2025-10-08 22:43:15] INFO [goods:13] goods Construction of the answer.
[2025-10-08 22:43:18] INFO [goods:192] goods Get product with id: 6
[2025-10-08 22:43:18] INFO [goods:13] goods Construction of the answer.
[2025-10-08 22:43:23] INFO [goods:312] goods Get limited products.
[2025-10-08 22:43:23] INFO [goods:261] goods Get popular products.
[2025-10-08 22:43:23] DEBUG [goods:332] goods Get limited products.
[2025-10-08 22:43:23] DEBUG [goods:281] goods Get popular products.
[2025-10-08 22:43:23] INFO [goods:13] goods Construction of the answer.
[2025-10-08 22:43:23] INFO [goods:13] goods Construction of the answer.
[2025-10-08 22:43:23] INFO [goods:312] goods Get limited products.
[2025-10-08 22:43:23] DEBUG [goods:332] goods Get limited products.
[2025-10-08 22:43:23] INFO [goods:13] goods Construction of the answer.
[2025-10-08 22:43:30] INFO [goods:192] goods Get product with id: 2
[2025-10-08 22:43:30] INFO [goods:13] goods Construction of the answer.
[2025-10-08 22:43:36] INFO [goods:77] goods Get all products.
[2025-10-08 22:43:36] DEBUG [goods:110] goods Filtration and sorting of products.
[2025-10-08 22:43:36] DEBUG [goods:131] goods Product pagination.
[2025-10-08 22:43:36] INFO [goods:157] goods Construction of the answer.
[2025-10-08 22:43:37] INFO [goods:77] goods Get all products.
[2025-10-08 22:43:37] DEBUG [goods:110] goods Filtration and sorting of products.
[2025-10-08 22:43:37] DEBUG [goods:131] goods Product pagination.
[2025-10-08 22:43:37] INFO [goods:157] goods Construction of the answer.
[2025-10-08 22:43:38] INFO [goods:77] goods Get all products.
[2025-10-08 22:43:38] DEBUG [goods:110] goods Filtration and sorting of products.
[2025-10-08 22:43:38] DEBUG [goods:131] goods Product pagination.
[2025-10-08 22:43:38] INFO [goods:157] goods Construction of the answer.
[2025-10-08 22:43:40] INFO [goods:77] goods Get all products.
[2025-10-08 22:43:40] DEBUG [goods:110] goods Filtration and sorting of products.
[2025-10-08 22:43:40] DEBUG [goods:131] goods Product pagination.
[2025-10-08 22:43:40] INFO [goods:157] goods Construction of the answer.
[2025-10-08 22:43:41] INFO [goods:77] goods Get all products.
[2025-10-08 22:43:41] DEBUG [goods:110] goods Filtration and sorting of products.
[2025-10-08 22:43:41] DEBUG [goods:131] goods Product pagination.
[2025-10-08 22:43:41] INFO [goods:157] goods Construction of the answer.
[2025-10-08 22:43:42] INFO [goods:77] goods Get all products.
[2025-10-08 22:43:42] DEBUG [goods:110] goods Filtration and sorting of products.
[2025-10-08 22:43:42] DEBUG [goods:131] goods Product pagination.
[2025-10-08 22:43:42] INFO [goods:157] goods Construction of the answer.
[2025-10-08 22:43:43] INFO [goods:77] goods Get all products.
[2025-10-08 22:43:43] DEBUG [goods:110] goods Filtration and sorting of products.
[2025-10-08 22:43:43] DEBUG [goods:131] goods Product pagination.
[2025-10-08 22:43:43] INFO [goods:157] goods Construction of the answer.
[2025-10-08 22:43:44] INFO [goods:77] goods Get all products.
[2025-10-08 22:43:44] DEBUG [goods:110] goods Filtration and sorting of products.
[2025-10-08 22:43:44] DEBUG [goods:131] goods Product pagination.
[2025-10-08 22:43:44] INFO [goods:157] goods Construction of the answer.
[2025-10-09 23:58:13] INFO [goods:312] goods Get limited products.
[2025-10-09 23:58:13] DEBUG [goods:332] goods Get limited products.
[2025-10-09 23:58:13] INFO [goods:13] goods Construction of the answer.
[2025-10-09 23:58:13] INFO [goods:261] goods Get popular products.
[2025-10-09 23:58:13] DEBUG [goods:281] goods Get popular products.
[2025-10-09 23:58:13] INFO [goods:13] goods Construction of the answer.
[2025-10-09 23:58:14] INFO [goods:312] goods Get limited products.
[2025-10-09 23:58:14] DEBUG [goods:332] goods Get limited products.
[2025-10-09 23:58:14] INFO [goods:13] goods Construction of the answer.
[2025-10-09 23:58:16] INFO [goods:77] goods Get all products.
[2025-10-09 23:58:16] DEBUG [goods:110] goods Filtration and sorting of products.
[2025-10-09 23:58:16] DEBUG [goods:131] goods Product pagination.
[2025-10-09 23:58:16] INFO [goods:157] goods Construction of the answer.
[2025-10-09 23:58:17] INFO [goods:77] goods Get all products.
[2025-10-09 23:58:17] DEBUG [goods:110] goods Filtration and sorting of products.
[2025-10-09 23:58:17] DEBUG [goods:131] goods Product pagination.
[2025-10-09 23:58:17] INFO [goods:157] goods Construction of the answer.
[2025-10-09 23:58:18] INFO [goods:77] goods Get all products.
[2025-10-09 23:58:18] DEBUG [goods:110] goods Filtration and sorting of products.
[2025-10-09 23:58:18] DEBUG [goods:131] goods Product pagination.
[2025-10-09 23:58:18] INFO [goods:157] goods Construction of the answer.
[2025-10-10 00:00:55] INFO [goods:77] goods Get all products.
[2025-10-10 00:00:55] DEBUG [goods:110] goods Filtration and sorting of products.
[2025-10-10 00:00:55] DEBUG [goods:131] goods Product pagination.
[2025-10-10 00:00:55] INFO [goods:157] goods Construction of the answer.
[2025-10-10 00:00:57] INFO [goods:77] goods Get all products.
[2025-10-10 00:00:57] DEBUG [goods:110] goods Filtration and sorting of products.
[2025-10-10 00:00:57] DEBUG [goods:131] goods Product pagination.
[2025-10-10 00:00:57] INFO [goods:157] goods Construction of the answer.
[2025-10-10 00:00:57] INFO [goods:77] goods Get all products.
[2025-10-10 00:00:57] DEBUG [goods:110] goods Filtration and sorting of products.
[2025-10-10 00:00:57] DEBUG [goods:131] goods Product pagination.
[2025-10-10 00:00:57] INFO [goods:157] goods Construction of the answer.
[2025-10-10 00:01:00] INFO [goods:77] goods Get all products.
[2025-10-10 00:01:00] DEBUG [goods:110] goods Filtration and sorting of products.
[2025-10-10 00:01:00] DEBUG [goods:131] goods Product pagination.
[2025-10-10 00:01:00] INFO [goods:157] goods Construction of the answer.
[2025-10-10 00:01:02] INFO [goods:77] goods Get all products.
[2025-10-10 00:01:02] DEBUG [goods:110] goods Filtration and sorting of products.
[2025-10-10 00:01:02] DEBUG [goods:131] goods Product pagination.
[2025-10-10 00:01:02] INFO [goods:157] goods Construction of the answer.
[2025-10-10 00:01:05] INFO [goods:77] goods Get all products.
[2025-10-10 00:01:05] DEBUG [goods:110] goods Filtration and sorting of products.
[2025-10-10 00:01:05] DEBUG [goods:131] goods Product pagination.
[2025-10-10 00:01:05] INFO [goods:157] goods Construction of the answer.
[2025-10-10 00:01:05] INFO [goods:77] goods Get all products.
[2025-10-10 00:01:05] DEBUG [goods:110] goods Filtration and sorting of products.
[2025-10-10 00:01:05] DEBUG [goods:131] goods Product pagination.
[2025-10-10 00:01:05] INFO [goods:157] goods Construction of the answer.
[2025-10-10 00:01:06] INFO [goods:77] goods Get all products.
[2025-10-10 00:01:06] DEBUG [goods:110] goods Filtration and sorting of products.
[2025-10-10 00:01:06] DEBUG [goods:131] goods Product pagination.
[2025-10-10 00:01:06] INFO [goods:157] goods Construction of the answer.
[2025-10-10 00:01:06] INFO [goods:77] goods Get all products.
[2025-10-10 00:01:06] DEBUG [goods:110] goods Filtration and sorting of products.
[2025-10-10 00:01:06] DEBUG [goods:131] goods Product pagination.
[2025-10-10 00:01:06] INFO [goods:157] goods Construction of the answer.
[2025-10-10 00:01:07] INFO [goods:77] goods Get all products.
[2025-10-10 00:01:07] DEBUG [goods:110] goods Filtration and sorting of products.
[2025-10-10 00:01:07] DEBUG [goods:131] goods Product pagination.
[2025-10-10 00:01:07] INFO [goods:157] goods Construction of the answer.
[2025-10-10 00:01:07] INFO [goods:77] goods Get all products.
[2025-10-10 00:01:07] DEBUG [goods:110] goods Filtration and sorting of products.
[2025-10-10 00:01:07] DEBUG [goods:131] goods Product pagination.
[2025-10-10 00:01:07] INFO [goods:157] goods Construction of the answer.
[2025-10-10 00:01:08] INFO [goods:77] goods Get all products.
[2025-10-10 00:01:08] DEBUG [goods:110] goods Filtration and sorting of products.
[2025-10-10 00:01:08] DEBUG [goods:131] goods Product pagination.
[2025-10-10 00:01:08] INFO [goods:157] goods Construction of the answer.
[2025-10-10 00:01:09] INFO [goods:77] goods Get all products.
[2025-10-10 00:01:09] DEBUG [goods:110] goods Filtration and sorting of products.
[2025-10-10 00:01:09] DEBUG [goods:131] goods Product pagination.
[2025-10-10 00:01:09] INFO [goods:157] goods Construction of the answer.
[2025-10-10 00:01:10] INFO [goods:77] goods Get all products.
[2025-10-10 00:01:10] DEBUG [goods:110] goods Filtration and sorting of products.
[2025-10-10 00:01:10] DEBUG [goods:131] goods Product pagination.
[2025-10-10 00:01:10] INFO [goods:157] goods Construction of the answer.
[2025-10-10 00:01:10] INFO [goods:77] goods Get all products.
[2025-10-10 00:01:10] DEBUG [goods:110] goods Filtration and sorting of products.
[2025-10-10 00:01:10] DEBUG [goods:131] goods Product pagination.
[2025-10-10 00:01:10] INFO [goods:157] goods Construction of the answer.
[2025-10-10 00:01:10] INFO [goods:77] goods Get all products.
[2025-10-10 00:01:10] DEBUG [goods:110] goods Filtration and sorting of products.
[2025-10-10 00:01:10] DEBUG [goods:131] goods Product pagination.
[2025-10-10 00:01:10] INFO [goods:157] goods Construction of the answer.
[2025-10-10 00:01:11] INFO [goods:77] goods Get all products.
[2025-10-10 00:01:11] DEBUG [goods:110] goods Filtration and sorting of products.
[2025-10-10 00:01:11] DEBUG [goods:131] goods Product pagination.
[2025-10-10 00:01:11] INFO [goods:157] goods Construction of the answer.
[2025-10-10 00:01:36] INFO [goods:77] goods Get all products.
[2025-10-10 00:01:36] DEBUG [goods:110] goods Filtration and sorting of products.
[2025-10-10 00:01:36] DEBUG [goods:131] goods Product pagination.
[2025-10-10 00:01:36] INFO [goods:157] goods Construction of the answer.
[2025-10-10 00:01:44] INFO [goods:77] goods Get all products.
[2025-10-10 00:01:44] DEBUG [goods:110] goods Filtration and sorting of products.
[2025-10-10 00:01:44] DEBUG [goods:131] goods Product pagination.
[2025-10-10 00:01:44] INFO [goods:157] goods Construction of the answer.
[2025-10-10 00:01:45] INFO [goods:77] goods Get all products.
[2025-10-10 00:01:45] DEBUG [goods:110] goods Filtration and sorting of products.
[2025-10-10 00:01:45] DEBUG [goods:131] goods Product pagination.
[2025-10-10 00:01:45] INFO [goods:157] goods Construction of the answer.
[2025-10-10 00:01:46] INFO [goods:77] goods Get all products.
[2025-10-10 00:01:46] DEBUG [goods:110] goods Filtration and sorting of products.
[2025-10-10 00:01:46] DEBUG [goods:131] goods Product pagination.
[2025-10-10 00:01:46] INFO [goods:157] goods Construction of the answer.
[2025-10-10 00:01:46] INFO [goods:77] goods Get all products.
[2025-10-10 00:01:46] DEBUG [goods:110] goods Filtration and sorting of products.
[2025-10-10 00:01:46] DEBUG [goods:131] goods Product pagination.
[2025-10-10 00:01:46] INFO [goods:157] goods Construction of the answer.
[2025-10-10 00:01:47] INFO [goods:77] goods Get all products.
[2025-10-10 00:01:47] DEBUG [goods:110] goods Filtration and sorting of products.
[2025-10-10 00:01:47] DEBUG [goods:131] goods Product pagination.
[2025-10-10 00:01:47] INFO [goods:157] goods Construction of the answer.
[2025-10-10 00:01:50] INFO [goods:77] goods Get all products.
[2025-10-10 00:01:50] DEBUG [goods:110] goods Filtration and sorting of products.
[2025-10-10 00:01:50] DEBUG [goods:131] goods Product pagination.
[2025-10-10 00:01:50] INFO [goods:157] goods Construction of the answer.
[2025-10-10 00:02:29] INFO [goods:77] goods Get all products.
[2025-10-10 00:02:29] DEBUG [goods:110] goods Filtration and sorting of products.
[2025-10-10 00:02:29] DEBUG [goods:132] goods Product pagination.
[2025-10-10 00:02:29] INFO [goods:158] goods Construction of the answer.
[2025-10-10 00:03:10] INFO [goods:77] goods Get all products.
[2025-10-10 00:03:10] DEBUG [goods:110] goods Filtration and sorting of products.
[2025-10-10 00:03:10] DEBUG [goods:132] goods Product pagination.
[2025-10-10 00:03:10] INFO [goods:158] goods Construction of the answer.
[2025-10-10 00:03:17] INFO [goods:77] goods Get all products.
[2025-10-10 00:03:17] DEBUG [goods:110] goods Filtration and sorting of products.
[2025-10-10 00:03:17] DEBUG [goods:132] goods Product pagination.
[2025-10-10 00:03:17] INFO [goods:158] goods Construction of the answer.
[2025-10-10 00:03:17] INFO [goods:77] goods Get all products.
[2025-10-10 00:03:17] DEBUG [goods:110] goods Filtration and sorting of products.
[2025-10-10 00:03:17] DEBUG [goods:132] goods Product pagination.
[2025-10-10 00:03:17] INFO [goods:158] goods Construction of the answer.
[2025-10-10 00:03:27] INFO [goods:77] goods Get all products.
[2025-10-10 00:03:27] DEBUG [goods:110] goods Filtration and sorting of products.
[2025-10-10 00:03:27] DEBUG [goods:132] goods Product pagination.
[2025-10-10 00:03:27] INFO [goods:158] goods Construction of the answer.
[2025-10-10 00:03:49] INFO [goods:77] goods Get all products.
[2025-10-10 00:03:49] DEBUG [goods:110] goods Filtration and sorting of products.
[2025-10-10 00:03:49] DEBUG [goods:133] goods Product pagination.
[2025-10-10 00:03:49] INFO [goods:159] goods Construction of the answer.
[2025-10-10 00:42:20] INFO [goods:77] goods Get all products.
[2025-10-10 00:42:20] DEBUG [goods:110] goods Filtration and sorting of products.
[2025-10-10 00:42:20] DEBUG [goods:136] goods Product pagination.
[2025-10-10 00:42:20] INFO [goods:162] goods Construction of the answer.
[2025-10-10 00:42:21] INFO [goods:77] goods Get all products.
[2025-10-10 00:42:21] DEBUG [goods:110] goods Filtration and sorting of products.
[2025-10-10 00:42:21] DEBUG [goods:136] goods Product pagination.
[2025-10-10 00:42:21] INFO [goods:162] goods Construction of the answer.
[2025-10-10 00:42:23] INFO [goods:77] goods Get all products.
[2025-10-10 00:42:23] DEBUG [goods:110] goods Filtration and sorting of products.
[2025-10-10 00:42:23] DEBUG [goods:136] goods Product pagination.
[2025-10-10 00:42:23] INFO [goods:162] goods Construction of the answer.
[2025-10-10 00:42:27] INFO [goods:77] goods Get all products.
[2025-10-10 00:42:27] DEBUG [goods:110] goods Filtration and sorting of products.
[2025-10-10 00:42:27] DEBUG [goods:136] goods Product pagination.
[2025-10-10 00:42:27] INFO [goods:162] goods Construction of the answer.
[2025-10-16 13:23:38] INFO [goods:340] goods Get limited products.
[2025-10-16 13:23:38] DEBUG [goods:360] goods Get limited products.
[2025-10-16 13:23:38] INFO [goods:13] goods Construction of the answer.
[2025-10-16 13:23:38] INFO [goods:272] goods Get popular products.
[2025-10-16 13:23:38] DEBUG [goods:292] goods Get popular products.
[2025-10-16 13:23:38] INFO [goods:13] goods Construction of the answer.
[2025-10-16 13:23:38] INFO [goods:340] goods Get limited products.
[2025-10-16 13:23:38] DEBUG [goods:360] goods Get limited products.
[2025-10-16 13:23:38] INFO [goods:13] goods Construction of the answer.
[2025-10-16 13:23:42] INFO [goods:197] goods Get product with id: 14
[2025-10-16 13:23:42] INFO [goods:13] goods Construction of the answer.
[2025-10-16 13:23:44] INFO [goods:197] goods Get product with id: 14
[2025-10-16 13:23:44] INFO [goods:13] goods Construction of the answer.
[2025-10-16 13:27:22] INFO [goods:197] goods Get product with id: 14
[2025-10-16 13:27:22] INFO [goods:13] goods Construction of the answer.
[2025-10-16 13:30:13] INFO [goods:197] goods Get product with id: 14
[2025-10-16 13:30:13] INFO [goods:13] goods Construction of the answer.
[2025-10-16 13:31:10] INFO [goods:340] goods Get limited products.
[2025-10-16 13:31:10] DEBUG [goods:360] goods Get limited products.
[2025-10-16 13:31:10] INFO [goods:13] goods Construction of the answer.
[2025-10-16 13:31:10] INFO [goods:272] goods Get popular products.
[2025-10-16 13:31:10] DEBUG [goods:292] goods Get popular products.
[2025-10-16 13:31:10] INFO [goods:13] goods Construction of the answer.
[2025-10-16 13:31:10] INFO [goods:340] goods Get limited products.
[2025-10-16 13:31:10] DEBUG [goods:360] goods Get limited products.
[2025-10-16 13:31:10] INFO [goods:13] goods Construction of the answer.
[2025-10-16 13:33:58] INFO [goods:340] goods Get limited products.
[2025-10-16 13:33:58] DEBUG [goods:360] goods Get limited products.
[2025-10-16 13:33:58] INFO [goods:13] goods Construction of the answer.
[2025-10-16 13:33:58] INFO [goods:272] goods Get popular products.
[2025-10-16 13:33:58] DEBUG [goods:292] goods Get popular products.
[2025-10-16 13:33:58] INFO [goods:340] goods Get limited products.
[2025-10-16 13:33:58] INFO [goods:13] goods Construction of the answer.
[2025-10-16 13:33:58] DEBUG [goods:360] goods Get limited products.
[2025-10-16 13:33:58] INFO [goods:13] goods Construction of the answer.
[2025-10-16 13:34:50] INFO [goods:340] goods Get limited products.
[2025-10-16 13:34:50] DEBUG [goods:360] goods Get limited products.
[2025-10-16 13:34:50] INFO [goods:13] goods Construction of the answer.
[2025-10-16 13:34:50] INFO [goods:272] goods Get popular products.
[2025-10-16 13:34:50] DEBUG [goods:292] goods Get popular products.
[2025-10-16 13:34:50] INFO [goods:13] goods Construction of the answer.
[2025-10-16 13:34:50] INFO [goods:340] goods Get limited products.
[2025-10-16 13:34:50] DEBUG [goods:360] goods Get limited products.
[2025-10-16 13:34:50] INFO [goods:13] goods Construction of the answer.
[2025-10-16 13:34:53] INFO [goods:197] goods Get product with id: 1
[2025-10-16 13:34:53] INFO [goods:13] goods Construction of the answer.
[2025-10-16 13:35:06] INFO [goods:197] goods Get product with id: 1
[2025-10-16 13:35:06] INFO [goods:13] goods Construction of the answer.
[2025-10-16 13:36:06] INFO [goods:340] goods Get limited products.
[2025-10-16 13:36:06] DEBUG [goods:360] goods Get limited products.
[2025-10-16 13:36:06] INFO [goods:13] goods Construction of the answer.
[2025-10-16 13:36:06] INFO [goods:272] goods Get popular products.
[2025-10-16 13:36:06] DEBUG [goods:292] goods Get popular products.
[2025-10-16 13:36:06] INFO [goods:13] goods Construction of the answer.
[2025-10-16 13:36:06] INFO [goods:340] goods Get limited products.
[2025-10-16 13:36:06] DEBUG [goods:360] goods Get limited products.
[2025-10-16 13:36:06] INFO [goods:13] goods Construction of the answer.
[2025-10-16 13:36:08] INFO [goods:197] goods Get product with id: 2
[2025-10-16 13:36:08] INFO [goods:13] goods Construction of the answer.
[2025-10-16 13:36:47] INFO [goods:340] goods Get limited products.
[2025-10-16 13:36:47] DEBUG [goods:360] goods Get limited products.
[2025-10-16 13:36:47] INFO [goods:13] goods Construction of the answer.
[2025-10-16 13:36:47] INFO [goods:272] goods Get popular products.
[2025-10-16 13:36:47] DEBUG [goods:292] goods Get popular products.
[2025-10-16 13:36:47] INFO [goods:340] goods Get limited products.
[2025-10-16 13:36:47] INFO [goods:13] goods Construction of the answer.
[2025-10-16 13:36:47] DEBUG [goods:360] goods Get limited products.
[2025-10-16 13:36:47] INFO [goods:13] goods Construction of the answer.
[2025-10-16 13:40:47] INFO [goods:340] goods Get limited products.
[2025-10-16 13:40:47] DEBUG [goods:360] goods Get limited products.
[2025-10-16 13:40:47] INFO [goods:13] goods Construction of the answer.
[2025-10-16 13:40:47] INFO [goods:340] goods Get limited products.
[2025-10-16 13:40:47] DEBUG [goods:360] goods Get limited products.
[2025-10-16 13:40:47] INFO [goods:13] goods Construction of the answer.
[2025-10-16 13:40:47] INFO [goods:272] goods Get popular products.
[2025-10-16 13:40:47] DEBUG [goods:292] goods Get popular products.
[2025-10-16 13:40:47] INFO [goods:13] goods Construction of the answer.
[2025-10-16 13:40:49] INFO [goods:197] goods Get product with id: 2
[2025-10-16 13:40:49] INFO [goods:13] goods Construction of the answer.
[2025-10-16 13:41:54] INFO [goods:197] goods Get product with id: 2
[2025-10-16 13:41:54] INFO [goods:13] goods Construction of the answer.
